2024-03-01  Acme Corp                       Assets:Checking                        $5000.00         $5000.00
2024-03-01  Acme Corp                       Income:Salary                         -$5000.00            $0.00
2024-03-05  Riverside Apartments            Expenses:Rent                          $1800.00         $1800.00
2024-03-05  Riverside Apartments            Assets:Checking                       -$1800.00            $0.00
2024-03-10  Edison Electric                 Expenses:Utilities                       $92.18           $92.18
2024-03-10  Edison Electric                 Assets:Checking                         -$92.18            $0.00
