2024-01-01  Acme Corp                       Assets:Cash                            $1000.00         $1000.00
2024-01-01  Acme Corp                       Income:Salary                         -$1000.00            $0.00
2024-01-15  Diner                           Expenses:Food                            $25.50           $25.50
2024-01-15  Diner                           Assets:Cash                             -$25.50            $0.00
